[klmnko.de/index.html]
[backblue.gif]
[fade.gif]
[index.html]
[klmnko.de/wp-content/uploads/2024/12/Image-menu.webp]
[klmnko.de/wp-content/uploads/2025/02/Alexander-Klimenko.webp]
[klmnko.de/wp-content/uploads/2025/02/services-webdesign-1024x1024.webp]
[klmnko.de/wp-content/uploads/2024/11/Syne-VariableFont_wght.ttf]
[klmnko.de/feed/index.html]
[klmnko.de/wp-includes/js/jquery/jquery.minf43b.js]
[klmnko.de/wp-content/cache/borlabs-cookie/1/borlabs-cookie-config-de.jsonf37b.js]
[klmnko.de/wp-json/index.html]
[klmnko.de/wp-json/wp/v2/pages/9136.json]
[klmnko.de/window.location.href]
[klmnko.de/wp-content/uploads/2025/02/cropped-klmnko-logo-32x32.webp]
[klmnko.de/wp-content/uploads/2025/02/cropped-klmnko-logo-192x192.webp]
[klmnko.de/wp-content/uploads/2025/02/cropped-klmnko-logo-180x180.webp]
[klmnko.de/wp-content/uploads/2025/02/services-branding-1024x1024.webp]
[klmnko.de/kontakt/index.html]
[klmnko.de/projekte/index.html]
[klmnko.de/wp-content/uploads/2025/02/services-advertising-1024x1024.webp]
[klmnko.de/wp-content/uploads/2025/02/services-visibility-1024x1024.webp]
[klmnko.de/projekte/rapid/index.html]
[klmnko.de/wp-content/uploads/2025/02/CTA-GiF.gif]
[klmnko.de/projekte/institut-landgraf/index.html]
[klmnko.de/projekte/ev-rent/index.html]
[klmnko.de/projekte/ruffbau/index.html]
[klmnko.de/projekte/ae-weddings/index.html]
[cdnjs.cloudflare.com/ajax/libs/gsap/3.12.5/gsap.min.js]
[unpkg.com/gsap@3.13.0/dist/ScrollTrigger.min.js]
[cdn.jsdelivr.net/npm/split-type@0.3.4/umd/index.min.js]
[unpkg.com/gsap@3.13.0/dist/CSSRulePlugin.min.js]
[klmnko.de/wp-content/uploads/2024/12/klmnko-logo-schriftzug.webp]
[klmnko.de/wp-content/plugins/borlabs-cookie/assets/javascript/borlabs-cookie-prioritize.minf37b.js]
[klmnko.de/wp-content/plugins/borlabs-cookie/assets/javascript/borlabs-cookie.min6dc0.js]
[klmnko.de/wp-content/plugins/elementor/assets/js/webpack.runtime.min9287.js]
[klmnko.de/datenschutz/index.html]
[klmnko.de/impressum/index.html]
[klmnko.de/wp-content/plugins/elementor/assets/js/frontend-modules.min9287.js]
[klmnko.de/wp-includes/js/jquery/ui/core.minb37e.js]
[klmnko.de/wp-content/plugins/elementor/assets/js/frontend.min9287.js]
[klmnko.de/wp-content/plugins/elementor-pro/assets/lib/sticky/jquery.sticky.min94b7.js]
[klmnko.de/wp-content/plugins/elementor-pro/assets/js/webpack-pro.runtime.min94b7.js]
[klmnko.de/wp-includes/js/dist/hooks.min4fdd.js]
[klmnko.de/wp-includes/js/dist/i18n.minc33c.js]
[klmnko.de/wp-content/plugins/elementor-pro/assets/js/frontend.min94b7.js]
[klmnko.de/wp-content/plugins/elementor-pro/assets/js/elements-handlers.min94b7.js]
[klmnko.de/index.html]
[klmnko.de/wp-content/cache/perfmatters/klmnko.de/css/front.used983f.css]
[klmnko.de/wp-content/themes/hello-elementor/assets/css/resetedb1.css]
[klmnko.de/wp-content/themes/hello-elementor/assets/css/themeedb1.css]
[klmnko.de/wp-content/themes/hello-elementor/assets/css/header-footeredb1.css]
[klmnko.de/wp-content/plugins/elementor/assets/lib/animations/styles/e-animation-skew-forward.min9287.css]
[klmnko.de/wp-content/plugins/elementor/assets/lib/animations/styles/fadeInDown.min9287.css]
[klmnko.de/wp-content/plugins/elementor-pro/assets/css/modules/sticky.min94b7.css]
[klmnko.de/wp-content/uploads/elementor/css/custom-frontend.min5442.css]
[klmnko.de/wp-content/uploads/elementor/css/custom-widget-icon-list.min5442.css]
[klmnko.de/wp-content/plugins/elementor/assets/css/widget-social-icons.min9287.css]
[klmnko.de/wp-content/uploads/elementor/css/custom-apple-webkit.min5442.css]
[klmnko.de/wp-content/plugins/elementor/assets/css/widget-image.min9287.css]
[klmnko.de/wp-content/plugins/elementor/assets/lib/animations/styles/fadeInUp.min9287.css]
[klmnko.de/wp-content/plugins/elementor/assets/lib/animations/styles/fadeIn.min9287.css]
[klmnko.de/wp-content/plugins/elementor/assets/css/widget-heading.min9287.css]
[klmnko.de/wp-content/uploads/elementor/css/post-49e736.css]
[klmnko.de/wp-content/plugins/elementor-pro/assets/css/modules/motion-fx.min94b7.css]
[klmnko.de/wp-content/plugins/elementor/assets/css/widget-divider.min9287.css]
[klmnko.de/wp-content/uploads/elementor/css/custom-widget-icon-box.min5442.css]
[klmnko.de/wp-content/plugins/elementor/assets/css/widget-spacer.min9287.css]
[klmnko.de/wp-content/uploads/elementor/css/custom-widget-toggle.min5442.css]
[klmnko.de/wp-content/uploads/2025/02/Header-bg.webp]
[klmnko.de/wp-content/uploads/elementor/css/post-913614fb.css]
[klmnko.de/wp-content/uploads/elementor/css/post-3808e736.css]
[klmnko.de/wp-content/uploads/elementor/css/post-3851e736.css]
[klmnko.de/wp-content/cache/borlabs-cookie/1/borlabs-cookie-1-de8c28.css]
[klmnko.de/wp-content/cache/perfmatters/klmnko.de/minify/b5182f90473f.style.min8a54.css]
[klmnko.de/window.location.html]
[www.googletagmanager.com/gtm5445.html]
[klmnko.de/wp-json/wp/v2/categories/1.json]
[klmnko.de/projekte/window.location.href]
[klmnko.de/wp-content/uploads/2025/09/Designkonzept-Fondsanbieter.webm]
[klmnko.de/projekte/designkonzept-fondsanbieter/index.html]
[klmnko.de/wp-content/uploads/2024/08/Projektuebersicht-ruffbau.webm]
[klmnko.de/wp-content/uploads/2024/08/Projektuebersicht-rapid.webm]
[klmnko.de/wp-content/uploads/2025/02/Projektuebersicht-erdlei.webm]
[klmnko.de/projekte/index.html]
[klmnko.de/wp-content/uploads/2025/02/Alexander-mit-Kunde.webp]
[klmnko.de/wp-json/wp/v2/pages/165.json]
[klmnko.de/kontakt/window.location.href]
[klmnko.de/kontakt/index.html]
[klmnko.de/wp-content/uploads/2024/06/ruffbau-referenz-scaled.webp]
[klmnko.de/wp-content/uploads/2025/02/ruffbau-designelement.webp]
[klmnko.de/wp-json/wp/v2/posts/10800.json]
[klmnko.de/projekte/ruffbau/window.location.href]
[klmnko.de/wp-content/uploads/2025/02/ruffbau-responsiv.webp]
[klmnko.de/wp-content/uploads/2025/02/ruffbau-macbook-mockup.webp]
[klmnko.de/projekte/ruffbau/index.html]
[klmnko.de/wp-content/uploads/2025/02/ev-rent-tesla.webp]
[klmnko.de/wp-json/wp/v2/posts/10842.json]
[klmnko.de/projekte/ev-rent/window.location.href]
[klmnko.de/wp-content/plugins/elementor-pro/assets/lib/lottie/lottie.min3f90.js]
[klmnko.de/projekte/ev-rent/index.html]
[klmnko.de/wp-content/uploads/2024/06/rapid-referenz-scaled.webp]
[klmnko.de/wp-content/uploads/2025/02/rapid-macbook-mockup.webp]
[klmnko.de/wp-json/wp/v2/posts/10877.json]
[klmnko.de/projekte/rapid/window.location.href]
[klmnko.de/wp-content/uploads/2025/02/rapid-responsiv.webp]
[klmnko.de/wp-content/uploads/2025/02/rapid-visibilty-anzeige.webp]
[klmnko.de/wp-content/uploads/2025/02/rapid-ads-mockup-iphone.webp]
[klmnko.de/projekte/rapid/index.html]
[klmnko.de/wp-content/uploads/2025/02/sandra-landgraf.webp]
[klmnko.de/wp-json/wp/v2/posts/10879.json]
[klmnko.de/projekte/institut-landgraf/window.location.href]
[klmnko.de/projekte/institut-landgraf/index.html]
[klmnko.de/wp-content/uploads/2024/06/Alexander-Erdlei-1.webp]
[klmnko.de/wp-content/uploads/2024/06/ae-weddings-referenz-1.webp]
[klmnko.de/wp-json/wp/v2/posts/823.json]
[klmnko.de/projekte/ae-weddings/window.location.href]
[klmnko.de/wp-content/uploads/2025/02/ae-weddings-pdf-lead-magnet.webp]
[klmnko.de/wp-content/uploads/2024/06/ae-weddings-responsiv-1.webp]
[klmnko.de/wp-content/uploads/2025/02/ae-weddings-iphone-mockup.webp]
[klmnko.de/wp-content/uploads/2025/02/ae-weddings-macbook-mockup.webp]
[klmnko.de/projekte/ae-weddings/index.html]
[klmnko.de/wp-content/uploads/2025/02/arrow-up-right-w.svg]
[klmnko.de/wp-json/wp/v2/pages/32.json]
[klmnko.de/impressum/window.location.href]
[klmnko.de/impressum/index.html]
[klmnko.de/wp-json/wp/v2/pages/3.json]
[klmnko.de/datenschutz/window.location.href]
[klmnko.de/datenschutz/index.html]
[klmnko.de/wp-content/uploads/2024/12/mask_template03.svg]
[klmnko.de/wp-content/cache/perfmatters/klmnko.de/css/category.used1d60.css]
[klmnko.de/wp-content/plugins/elementor/assets/css/widget-video.min9287.css]
[klmnko.de/wp-content/uploads/2025/09/Design-Fondsanbieter-Header.webp]
[klmnko.de/wp-content/uploads/2024/12/noisy-texture-hintergrund.webp]
[klmnko.de/wp-content/uploads/2025/02/projekte-bg-ev-rent.webp]
[klmnko.de/wp-content/uploads/2025/02/projekte-bg-landgraf.webp]
[klmnko.de/wp-content/uploads/2025/02/projekte-bg-ruffbau.webp]
[klmnko.de/wp-content/uploads/2025/02/projekte-bg-rapid.webp]
[klmnko.de/wp-content/uploads/2025/02/projekte-bg-erdlei.webp]
[klmnko.de/wp-content/uploads/elementor/css/post-11310e52b.css]
[klmnko.de/projekte/window.location.html]
[klmnko.de/wp-content/uploads/2025/09/Designkonzept-Fondsanbieter-Luxemburg.webp]
[klmnko.de/wp-content/uploads/2025/09/investopedia-referenz-fullscreen-scaled.webp]
[klmnko.de/wp-json/wp/v2/posts/12508.json]
[klmnko.de/projekte/designkonzept-fondsanbieter/window.location.href]
[klmnko.de/wp-content/uploads/2025/09/Designkonzept-Fondsanbieter-responsiv-1024x1024.webp]
[klmnko.de/wp-content/uploads/2025/09/Designkonzept-Fondsanbieter-macbook.png.webp]
[klmnko.de/wp-content/uploads/2025/09/fondsanbieter-zweites-konzept-1.webp]
[klmnko.de/wp-content/uploads/2025/09/fondsanbieter-zweites-konzept-2.webp]
[klmnko.de/projekte/designkonzept-fondsanbieter/index.html]
[klmnko.de/wp-content/cache/perfmatters/klmnko.de/css/page-165.used28f3.css]
[klmnko.de/wp-content/plugins/elementor-pro/assets/css/widget-form.min94b7.css]
[klmnko.de/wp-content/uploads/elementor/css/post-1650959.css]
[klmnko.de/kontakt/window.location.html]
[klmnko.de/wp-content/cache/perfmatters/klmnko.de/css/post.used120f.css]
[klmnko.de/wp-content/plugins/elementor-pro/assets/css/widget-post-navigation.min94b7.css]
[klmnko.de/wp-content/uploads/2025/02/ruffbau-header.webp]
[klmnko.de/wp-content/uploads/elementor/css/post-10800218d.css]
[klmnko.de/projekte/ruffbau/window.location.html]
[klmnko.de/wp-content/uploads/elementor/css/post-106460663.css]
[klmnko.de/wp-content/plugins/elementor-pro/assets/css/widget-lottie.min94b7.css]
[klmnko.de/wp-content/uploads/2025/02/ev-rent-header.webp]
[klmnko.de/wp-content/uploads/elementor/css/post-108424b18.css]
[klmnko.de/projekte/ev-rent/window.location.html]
[klmnko.de/wp-content/uploads/2025/02/rapid-mobilwerbung-header.webp]
[klmnko.de/wp-content/uploads/elementor/css/post-108774b18.css]
[klmnko.de/projekte/rapid/window.location.html]
[klmnko.de/wp-content/uploads/2025/02/institut-landgraf-header.webp]
[klmnko.de/wp-content/uploads/elementor/css/post-10879cb85.css]
[klmnko.de/projekte/institut-landgraf/window.location.html]
[klmnko.de/wp-content/uploads/2024/06/ae-weddings-header.webp]
[klmnko.de/wp-content/uploads/elementor/css/post-823cb85.css]
[klmnko.de/projekte/ae-weddings/window.location.html]
[klmnko.de/wp-content/cache/perfmatters/klmnko.de/css/page-32.used21ea.css]
[klmnko.de/wp-content/uploads/elementor/css/post-32dafd.css]
[klmnko.de/impressum/window.location.html]
[klmnko.de/wp-content/cache/perfmatters/klmnko.de/css/page-3.useda3f7.css]
[klmnko.de/wp-content/uploads/elementor/css/post-3b5a4.css]
[klmnko.de/datenschutz/window.location.html]
[klmnko.de/wp-content/uploads/elementor/css/post-12508cb85.css]
[klmnko.de/projekte/designkonzept-fondsanbieter/window.location.html]
